<html>
<body>
<pre>
<h1>µVision Build Log</h1>
<h2>Project:</h2>
D:\HK231\ESD\Main_project\main_code\MDK-ARM\main_code.uvproj
Project File Date:  12/10/2023

<h2>Output:</h2>
Rebuild target 'main_code'
assembling startup_stm32f103xb.s...
compiling main.c...
../Core/Src/main.c(130): warning:  #188-D: enumerated type mixed with another type
../Core/Src/main.c(132): warning:  #188-D: enumerated type mixed with another type
../Core/Src/main.c(145): warning:  #68-D: integer conversion resulted in a change of sign
../Core/Src/main.c(154): warning: C4017W: i may be used before being set
compiling stm32f1xx_it.c...
compiling stm32f1xx_hal_msp.c...
compiling i2c-lcd.c...
compiling stm32f1xx_hal_gpio_ex.c...
compiling stm32f1xx_hal_adc.c...
compiling stm32f1xx_hal_adc_ex.c...
compiling stm32f1xx_hal.c...
compiling stm32f1xx_hal_rcc.c...
compiling stm32f1xx_hal_rcc_ex.c...
compiling stm32f1xx_hal_gpio.c...
compiling stm32f1xx_hal_dma.c...
compiling stm32f1xx_hal_cortex.c...
compiling stm32f1xx_hal_pwr.c...
compiling stm32f1xx_hal_flash.c...
compiling stm32f1xx_hal_flash_ex.c...
compiling stm32f1xx_hal_exti.c...
compiling stm32f1xx_hal_i2c.c...
compiling stm32f1xx_hal_tim.c...
compiling stm32f1xx_hal_tim_ex.c...
compiling stm32f1xx_hal_uart.c...
compiling system_stm32f1xx.c...
linking...
Program Size: Code=11842 RO-data=486 RW-data=36 ZI-data=1908  
FromELF: creating hex file...
"main_code\main_code.axf" - 0 Errors, 4 Warning(s).
Load "main_code\\main_code.axf" 
Erase Done.
Programming Done.
Verify OK.
Rebuild target 'main_code'
assembling startup_stm32f103xb.s...
compiling main.c...
../Core/Src/main.c(1): error:  #5: cannot open source input file "stm32f10x.h": No such file or directory
compiling stm32f1xx_it.c...
compiling stm32f1xx_hal_msp.c...
compiling i2c-lcd.c...
compiling stm32f1xx_hal_gpio_ex.c...
compiling stm32f1xx_hal_adc.c...
compiling stm32f1xx_hal_adc_ex.c...
compiling stm32f1xx_hal.c...
compiling stm32f1xx_hal_rcc.c...
compiling stm32f1xx_hal_rcc_ex.c...
compiling stm32f1xx_hal_gpio.c...
compiling stm32f1xx_hal_dma.c...
compiling stm32f1xx_hal_cortex.c...
compiling stm32f1xx_hal_pwr.c...
compiling stm32f1xx_hal_flash.c...
compiling stm32f1xx_hal_flash_ex.c...
compiling stm32f1xx_hal_exti.c...
compiling stm32f1xx_hal_i2c.c...
compiling stm32f1xx_hal_tim.c...
compiling stm32f1xx_hal_tim_ex.c...
compiling stm32f1xx_hal_uart.c...
compiling system_stm32f1xx.c...
"main_code\main_code.axf" - 1 Errors, 0 Warning(s).
Target not created
Rebuild target 'main_code'
assembling startup_stm32f103xb.s...
compiling main.c...
../Core/Src/main.c(130): warning:  #188-D: enumerated type mixed with another type
../Core/Src/main.c(132): warning:  #188-D: enumerated type mixed with another type
../Core/Src/main.c(145): warning:  #68-D: integer conversion resulted in a change of sign
../Core/Src/main.c(154): warning: C4017W: i may be used before being set
compiling stm32f1xx_it.c...
compiling stm32f1xx_hal_msp.c...
compiling i2c-lcd.c...
compiling stm32f1xx_hal_gpio_ex.c...
compiling stm32f1xx_hal_adc.c...
compiling stm32f1xx_hal_adc_ex.c...
compiling stm32f1xx_hal.c...
compiling stm32f1xx_hal_rcc.c...
compiling stm32f1xx_hal_rcc_ex.c...
compiling stm32f1xx_hal_gpio.c...
compiling stm32f1xx_hal_dma.c...
compiling stm32f1xx_hal_cortex.c...
compiling stm32f1xx_hal_pwr.c...
compiling stm32f1xx_hal_flash.c...
compiling stm32f1xx_hal_flash_ex.c...
compiling stm32f1xx_hal_exti.c...
compiling stm32f1xx_hal_i2c.c...
compiling stm32f1xx_hal_tim.c...
compiling stm32f1xx_hal_tim_ex.c...
compiling stm32f1xx_hal_uart.c...
compiling system_stm32f1xx.c...
linking...
Program Size: Code=11842 RO-data=486 RW-data=36 ZI-data=1908  
FromELF: creating hex file...
"main_code\main_code.axf" - 0 Errors, 4 Warning(s).
Load "main_code\\main_code.axf" 
Load "main_code\\main_code.axf" 
Erase Done.
Programming Failed!
ST-LINK USB communication error
Load "main_code\\main_code.axf" 
Erase Done.
Programming Done.
Verify OK.
Rebuild target 'main_code'
assembling startup_stm32f103xb.s...
compiling main.c...
../Core/Src/main.c(130): warning:  #188-D: enumerated type mixed with another type
../Core/Src/main.c(132): warning:  #188-D: enumerated type mixed with another type
../Core/Src/main.c(154): warning: C4017W: i may be used before being set
compiling stm32f1xx_it.c...
compiling stm32f1xx_hal_msp.c...
compiling i2c-lcd.c...
compiling stm32f1xx_hal_gpio_ex.c...
compiling stm32f1xx_hal_adc.c...
compiling stm32f1xx_hal_adc_ex.c...
compiling stm32f1xx_hal.c...
compiling stm32f1xx_hal_rcc.c...
compiling stm32f1xx_hal_rcc_ex.c...
compiling stm32f1xx_hal_gpio.c...
compiling stm32f1xx_hal_dma.c...
compiling stm32f1xx_hal_cortex.c...
compiling stm32f1xx_hal_pwr.c...
compiling stm32f1xx_hal_flash.c...
compiling stm32f1xx_hal_flash_ex.c...
compiling stm32f1xx_hal_exti.c...
compiling stm32f1xx_hal_i2c.c...
compiling stm32f1xx_hal_tim.c...
compiling stm32f1xx_hal_tim_ex.c...
compiling stm32f1xx_hal_uart.c...
compiling system_stm32f1xx.c...
linking...
Program Size: Code=11846 RO-data=486 RW-data=36 ZI-data=1908  
FromELF: creating hex file...
"main_code\main_code.axf" - 0 Errors, 3 Warning(s).
Load "main_code\\main_code.axf" 
Erase Done.
Programming Done.
Verify OK.
Rebuild target 'main_code'
assembling startup_stm32f103xb.s...
compiling main.c...
../Core/Src/main.c(130): warning:  #188-D: enumerated type mixed with another type
../Core/Src/main.c(132): warning:  #188-D: enumerated type mixed with another type
../Core/Src/main.c(145): warning:  #68-D: integer conversion resulted in a change of sign
../Core/Src/main.c(154): warning: C4017W: i may be used before being set
compiling stm32f1xx_it.c...
compiling stm32f1xx_hal_msp.c...
compiling i2c-lcd.c...
compiling stm32f1xx_hal_gpio_ex.c...
compiling stm32f1xx_hal_adc.c...
compiling stm32f1xx_hal_adc_ex.c...
compiling stm32f1xx_hal.c...
compiling stm32f1xx_hal_rcc.c...
compiling stm32f1xx_hal_rcc_ex.c...
compiling stm32f1xx_hal_gpio.c...
compiling stm32f1xx_hal_dma.c...
compiling stm32f1xx_hal_cortex.c...
compiling stm32f1xx_hal_pwr.c...
compiling stm32f1xx_hal_flash.c...
compiling stm32f1xx_hal_flash_ex.c...
compiling stm32f1xx_hal_exti.c...
compiling stm32f1xx_hal_i2c.c...
compiling stm32f1xx_hal_tim.c...
compiling stm32f1xx_hal_tim_ex.c...
compiling stm32f1xx_hal_uart.c...
compiling system_stm32f1xx.c...
linking...
Program Size: Code=11846 RO-data=486 RW-data=36 ZI-data=1908  
FromELF: creating hex file...
"main_code\main_code.axf" - 0 Errors, 4 Warning(s).
Load "main_code\\main_code.axf" 
Erase Done.
Programming Done.
Verify OK.
Rebuild target 'main_code'
assembling startup_stm32f103xb.s...
compiling main.c...
../Core/Src/main.c(130): warning:  #188-D: enumerated type mixed with another type
../Core/Src/main.c(132): warning:  #188-D: enumerated type mixed with another type
../Core/Src/main.c(154): warning: C4017W: i may be used before being set
compiling stm32f1xx_it.c...
compiling stm32f1xx_hal_msp.c...
compiling i2c-lcd.c...
compiling stm32f1xx_hal_gpio_ex.c...
compiling stm32f1xx_hal_adc.c...
compiling stm32f1xx_hal_adc_ex.c...
compiling stm32f1xx_hal.c...
compiling stm32f1xx_hal_rcc.c...
compiling stm32f1xx_hal_rcc_ex.c...
compiling stm32f1xx_hal_gpio.c...
compiling stm32f1xx_hal_dma.c...
compiling stm32f1xx_hal_cortex.c...
compiling stm32f1xx_hal_pwr.c...
compiling stm32f1xx_hal_flash.c...
compiling stm32f1xx_hal_flash_ex.c...
compiling stm32f1xx_hal_exti.c...
compiling stm32f1xx_hal_i2c.c...
compiling stm32f1xx_hal_tim.c...
compiling stm32f1xx_hal_tim_ex.c...
compiling stm32f1xx_hal_uart.c...
compiling system_stm32f1xx.c...
linking...
Program Size: Code=11842 RO-data=486 RW-data=36 ZI-data=1908  
FromELF: creating hex file...
"main_code\main_code.axf" - 0 Errors, 3 Warning(s).
Load "main_code\\main_code.axf" 
Erase Done.
Programming Done.
Verify OK.
Rebuild target 'main_code'
assembling startup_stm32f103xb.s...
compiling main.c...
../Core/Src/main.c(130): warning:  #188-D: enumerated type mixed with another type
../Core/Src/main.c(132): warning:  #188-D: enumerated type mixed with another type
../Core/Src/main.c(154): warning: C4017W: i may be used before being set
compiling stm32f1xx_it.c...
compiling stm32f1xx_hal_msp.c...
compiling i2c-lcd.c...
compiling stm32f1xx_hal_gpio_ex.c...
compiling stm32f1xx_hal_adc.c...
compiling stm32f1xx_hal_adc_ex.c...
compiling stm32f1xx_hal.c...
compiling stm32f1xx_hal_rcc.c...
compiling stm32f1xx_hal_rcc_ex.c...
compiling stm32f1xx_hal_gpio.c...
compiling stm32f1xx_hal_dma.c...
compiling stm32f1xx_hal_cortex.c...
compiling stm32f1xx_hal_pwr.c...
compiling stm32f1xx_hal_flash.c...
compiling stm32f1xx_hal_flash_ex.c...
compiling stm32f1xx_hal_exti.c...
compiling stm32f1xx_hal_i2c.c...
compiling stm32f1xx_hal_tim.c...
compiling stm32f1xx_hal_tim_ex.c...
compiling stm32f1xx_hal_uart.c...
compiling system_stm32f1xx.c...
linking...
Program Size: Code=11842 RO-data=486 RW-data=36 ZI-data=1908  
FromELF: creating hex file...
"main_code\main_code.axf" - 0 Errors, 3 Warning(s).
Load "main_code\\main_code.axf" 
Erase Done.
Programming Done.
Verify OK.
Rebuild target 'main_code'
assembling startup_stm32f103xb.s...
compiling main.c...
../Core/Src/main.c(130): warning:  #188-D: enumerated type mixed with another type
../Core/Src/main.c(132): warning:  #188-D: enumerated type mixed with another type
../Core/Src/main.c(145): warning:  #68-D: integer conversion resulted in a change of sign
../Core/Src/main.c(154): warning: C4017W: i may be used before being set
compiling stm32f1xx_it.c...
compiling stm32f1xx_hal_msp.c...
compiling i2c-lcd.c...
compiling stm32f1xx_hal_gpio_ex.c...
compiling stm32f1xx_hal_adc.c...
compiling stm32f1xx_hal_adc_ex.c...
compiling stm32f1xx_hal.c...
compiling stm32f1xx_hal_rcc.c...
compiling stm32f1xx_hal_rcc_ex.c...
compiling stm32f1xx_hal_gpio.c...
compiling stm32f1xx_hal_dma.c...
compiling stm32f1xx_hal_cortex.c...
compiling stm32f1xx_hal_pwr.c...
compiling stm32f1xx_hal_flash.c...
compiling stm32f1xx_hal_flash_ex.c...
compiling stm32f1xx_hal_exti.c...
compiling stm32f1xx_hal_i2c.c...
compiling stm32f1xx_hal_tim.c...
compiling stm32f1xx_hal_tim_ex.c...
compiling stm32f1xx_hal_uart.c...
compiling system_stm32f1xx.c...
linking...
Program Size: Code=11842 RO-data=486 RW-data=36 ZI-data=1908  
FromELF: creating hex file...
"main_code\main_code.axf" - 0 Errors, 4 Warning(s).
Rebuild target 'main_code'
assembling startup_stm32f103xb.s...
compiling main.c...
../Core/Src/main.c(130): warning:  #188-D: enumerated type mixed with another type
../Core/Src/main.c(132): warning:  #188-D: enumerated type mixed with another type
../Core/Src/main.c(145): warning:  #68-D: integer conversion resulted in a change of sign
../Core/Src/main.c(154): warning: C4017W: i may be used before being set
compiling stm32f1xx_it.c...
compiling stm32f1xx_hal_msp.c...
compiling i2c-lcd.c...
compiling stm32f1xx_hal_gpio_ex.c...
compiling stm32f1xx_hal_adc.c...
compiling stm32f1xx_hal_adc_ex.c...
compiling stm32f1xx_hal.c...
compiling stm32f1xx_hal_rcc.c...
compiling stm32f1xx_hal_rcc_ex.c...
compiling stm32f1xx_hal_gpio.c...
compiling stm32f1xx_hal_dma.c...
compiling stm32f1xx_hal_cortex.c...
compiling stm32f1xx_hal_pwr.c...
compiling stm32f1xx_hal_flash.c...
compiling stm32f1xx_hal_flash_ex.c...
compiling stm32f1xx_hal_exti.c...
compiling stm32f1xx_hal_i2c.c...
compiling stm32f1xx_hal_tim.c...
compiling stm32f1xx_hal_tim_ex.c...
compiling stm32f1xx_hal_uart.c...
compiling system_stm32f1xx.c...
linking...
Program Size: Code=11842 RO-data=486 RW-data=36 ZI-data=1908  
FromELF: creating hex file...
"main_code\main_code.axf" - 0 Errors, 4 Warning(s).
Load "main_code\\main_code.axf" 
Erase Done.
Programming Done.
Verify OK.
Rebuild target 'main_code'
assembling startup_stm32f103xb.s...
compiling main.c...
../Core/Src/main.c(130): warning:  #188-D: enumerated type mixed with another type
../Core/Src/main.c(132): warning:  #188-D: enumerated type mixed with another type
../Core/Src/main.c(145): warning:  #68-D: integer conversion resulted in a change of sign
../Core/Src/main.c(154): warning: C4017W: i may be used before being set
compiling stm32f1xx_it.c...
compiling stm32f1xx_hal_msp.c...
compiling i2c-lcd.c...
compiling stm32f1xx_hal_gpio_ex.c...
compiling stm32f1xx_hal_adc.c...
compiling stm32f1xx_hal_adc_ex.c...
compiling stm32f1xx_hal.c...
compiling stm32f1xx_hal_rcc.c...
compiling stm32f1xx_hal_rcc_ex.c...
compiling stm32f1xx_hal_gpio.c...
compiling stm32f1xx_hal_dma.c...
compiling stm32f1xx_hal_cortex.c...
compiling stm32f1xx_hal_pwr.c...
compiling stm32f1xx_hal_flash.c...
compiling stm32f1xx_hal_flash_ex.c...
compiling stm32f1xx_hal_exti.c...
compiling stm32f1xx_hal_i2c.c...
compiling stm32f1xx_hal_tim.c...
compiling stm32f1xx_hal_tim_ex.c...
compiling stm32f1xx_hal_uart.c...
compiling system_stm32f1xx.c...
linking...
Program Size: Code=11842 RO-data=486 RW-data=36 ZI-data=1908  
FromELF: creating hex file...
"main_code\main_code.axf" - 0 Errors, 4 Warning(s).
Load "main_code\\main_code.axf" 
Erase Done.
Programming Done.
Verify OK.
Rebuild target 'main_code'
assembling startup_stm32f103xb.s...
compiling main.c...
../Core/Src/main.c(130): warning:  #188-D: enumerated type mixed with another type
../Core/Src/main.c(132): warning:  #188-D: enumerated type mixed with another type
../Core/Src/main.c(145): warning:  #68-D: integer conversion resulted in a change of sign
../Core/Src/main.c(154): warning: C4017W: i may be used before being set
compiling stm32f1xx_it.c...
compiling stm32f1xx_hal_msp.c...
compiling i2c-lcd.c...
compiling stm32f1xx_hal_gpio_ex.c...
compiling stm32f1xx_hal_adc.c...
compiling stm32f1xx_hal_adc_ex.c...
compiling stm32f1xx_hal.c...
compiling stm32f1xx_hal_rcc.c...
compiling stm32f1xx_hal_rcc_ex.c...
compiling stm32f1xx_hal_gpio.c...
compiling stm32f1xx_hal_dma.c...
compiling stm32f1xx_hal_cortex.c...
compiling stm32f1xx_hal_pwr.c...
compiling stm32f1xx_hal_flash.c...
compiling stm32f1xx_hal_flash_ex.c...
compiling stm32f1xx_hal_exti.c...
compiling stm32f1xx_hal_i2c.c...
compiling stm32f1xx_hal_tim.c...
compiling stm32f1xx_hal_tim_ex.c...
compiling stm32f1xx_hal_uart.c...
compiling system_stm32f1xx.c...
linking...
Program Size: Code=11842 RO-data=486 RW-data=36 ZI-data=1908  
FromELF: creating hex file...
"main_code\main_code.axf" - 0 Errors, 4 Warning(s).
Rebuild target 'main_code'
assembling startup_stm32f103xb.s...
compiling main.c...
../Core/Src/main.c(130): warning:  #188-D: enumerated type mixed with another type
../Core/Src/main.c(133): warning:  #188-D: enumerated type mixed with another type
../Core/Src/main.c(149): warning:  #68-D: integer conversion resulted in a change of sign
../Core/Src/main.c(158): warning: C4017W: i may be used before being set
compiling stm32f1xx_it.c...
compiling stm32f1xx_hal_msp.c...
compiling i2c-lcd.c...
compiling stm32f1xx_hal_gpio_ex.c...
compiling stm32f1xx_hal_adc.c...
compiling stm32f1xx_hal_adc_ex.c...
compiling stm32f1xx_hal.c...
compiling stm32f1xx_hal_rcc.c...
compiling stm32f1xx_hal_rcc_ex.c...
compiling stm32f1xx_hal_gpio.c...
compiling stm32f1xx_hal_dma.c...
compiling stm32f1xx_hal_cortex.c...
compiling stm32f1xx_hal_pwr.c...
compiling stm32f1xx_hal_flash.c...
compiling stm32f1xx_hal_flash_ex.c...
compiling stm32f1xx_hal_exti.c...
compiling stm32f1xx_hal_i2c.c...
compiling stm32f1xx_hal_tim.c...
compiling stm32f1xx_hal_tim_ex.c...
compiling stm32f1xx_hal_uart.c...
compiling system_stm32f1xx.c...
linking...
Program Size: Code=12844 RO-data=488 RW-data=36 ZI-data=1908  
FromELF: creating hex file...
"main_code\main_code.axf" - 0 Errors, 4 Warning(s).
Rebuild target 'main_code'
assembling startup_stm32f103xb.s...
compiling main.c...
../Core/Src/main.c(149): warning:  #68-D: integer conversion resulted in a change of sign
../Core/Src/main.c(158): warning: C4017W: i may be used before being set
compiling stm32f1xx_it.c...
compiling stm32f1xx_hal_msp.c...
compiling i2c-lcd.c...
compiling stm32f1xx_hal_gpio_ex.c...
compiling stm32f1xx_hal_adc.c...
compiling stm32f1xx_hal_adc_ex.c...
compiling stm32f1xx_hal.c...
compiling stm32f1xx_hal_rcc.c...
compiling stm32f1xx_hal_rcc_ex.c...
compiling stm32f1xx_hal_gpio.c...
compiling stm32f1xx_hal_dma.c...
compiling stm32f1xx_hal_cortex.c...
compiling stm32f1xx_hal_pwr.c...
compiling stm32f1xx_hal_flash.c...
compiling stm32f1xx_hal_flash_ex.c...
compiling stm32f1xx_hal_exti.c...
compiling stm32f1xx_hal_i2c.c...
compiling stm32f1xx_hal_tim.c...
compiling stm32f1xx_hal_tim_ex.c...
compiling stm32f1xx_hal_uart.c...
compiling system_stm32f1xx.c...
linking...
Program Size: Code=12844 RO-data=488 RW-data=36 ZI-data=1908  
FromELF: creating hex file...
"main_code\main_code.axf" - 0 Errors, 2 Warning(s).
Load "main_code\\main_code.axf" 
Erase Done.
Programming Done.
Verify OK.
